differential conditioning: punish through PPL105, reward through PAM08
readout D = d_A(PPL105 MBONs) - d_P(PAM08 MBONs)
8 paired noise seeds, 12 training trials, 70 mV DAN drive
odours: ../results/odours3.json, order per trial: CS+ then CS-, kc_thresh 1.5, apl_scale 0.1, mbon_hold 0.85, core 0.2, rate 0.0003

  readout: 6 MBONs in PPL105, 4 in PAM08, 0 shared (excluded)
  PPL105  at 70 mV with CS+ present: 276 spikes / 2 cells over 800 ms  (172 Hz per cell)
  PAM08   at 70 mV with CS- present: 6955 spikes / 50 cells over 800 ms  (174 Hz per cell)
  naive response, seed 1000:  PPL105 MBONs {'CS+': 50, 'CS-': 53}  d_A -0.0291    PAM08 MBONs {'CS+': 15, 'CS-': 25}  d_P -0.2500

  both             D +0.1511 -> -1.3423   dD -1.4934+-0.0573   [d_A -0.3600  d_P +1.1334]   weights all 99.6% A 98% P 98%   (139s)
  reversed         D +0.1511 -> +1.2474   dD +1.0962+-0.0640   [d_A +0.2296  d_P -0.8666]   weights all 99.6% A 98% P 98%   (138s)
  control          D +0.1511 -> +0.1511   dD +0.0000+-0.0000   [d_A +0.0000  d_P +0.0000]   weights all 100.0% A 100% P 100%   (108s)
  punish-only      D +0.1511 -> -0.1956   dD -0.3468+-0.0605   [d_A -0.3247  d_P +0.0221]   weights all 99.7% A 98% P 100%   (137s)
  reward-only      D +0.1511 -> -0.9943   dD -1.1454+-0.0779   [d_A -0.0120  d_P +1.1334]   weights all 99.7% A 100% P 98%   (138s)

  both      dD  -1.4934  (sd 0.0573)
  reversed  dD  +1.0962  (sd 0.0640)
  control   dD  +0.0000  (sd 0.0000)

  THE SPECIFICITY TEST - swapping which odour is punished/rewarded must flip the sign of dD
  sign flipped: YES   p(reversal) MWU = 0.0002   paired Wilcoxon = 0.0078   d' = -42.64
  seeds with opposite sign in the two arms: 8/8

  ASSOCIATIVE - the shift follows the contingency and reverses with it

  decomposition:  punish-only -0.3468  +  reward-only -1.1454  =  -1.4922   vs both -1.4934

wrote ../results/conditioning4c.json
