type              n  feed MN spk/600ms all cb_motor    brain
dorsal_tpGRN     10               1785         2566    72453
PhG1c             4               1676         2105    53185
LB2a              4               1647         1895    44070
LB3d             26               1633         1869    59408
claw_tpGRN       50               1623         2102    44461
PhG9              4               1620         1832    29945
LB4a              4               1617         1830    54848
LB4b              8               1577         1750    53683
PhG8              4               1567         1733    68588
LB3c             23                564         1299    54135
LgAG7             5                316         2073    97359
LB3b             11                113          422    59827
LgLG6            16                 90          439    60525
LB1d              5                 62          357    51162
PhG7              4                 42          313    44398
LB3a             17                 41          409    57433
LgAG3             7                 27          261    56414
WG3              96                 24          433    64621
LgAG5             4                 18          309    48769
LgLG7            21                 18          156    39258
LgLG1b          134                 17          190    41059
LgLG3           162                 14          401    66534
LgAG8             9                 13          250    55366
LgAG2            11                  9          290    49447
LB1b              6                  7           87    11966
LgAG1            25                  7          200    81635
WG2              97                  6          344    55477
LgLG4            42                  2          172    40484
SNch05            8                  1          171    37932
LB1a             11                  0          266    59635
LB1c             16                  0          156    70548
LB1e             19                  0          151    11559
LB2c              6                  0         2237   136224
LB2d              5                  0           76    11863
LgAG4             8                  0          156    50495
LgAG6             4                  0           56     8424
LgLG1a          136                  0          576   147622
LgLG2           129                  0          285    56447
LgLG5            13                  0           93    14963
LgLG8            14                  0            0     9194
PhG2              4                  0          209    57964
PhG4              4                  0          170    26030
SNxxxx            7                  0          145    15947
WG1              96                  0          698    70730
WG4              96                  0          363   115668
