CS+ = ['ORN_DM6', 'ORN_DP1m', 'ORN_VM5d', 'ORN_DC2', 'ORN_DM5']
CS- = ['ORN_VA2', 'ORN_DP1l', 'ORN_VM7d', 'ORN_DA4m', 'ORN_VM1']
single-glomerulus probe: ORN_DM6

thresh  apl_w   kk |  CS+ act  CS- act   %KC | shared jaccard  indep |  CS+ spk  CS- spk | 1-glom act
   0.8    0.0  1.0 |      157       73   2.8 |      1   0.004  0.014 |     2320      857 |         46   (7s)
   0.8    0.3  1.0 |      131       63   2.4 |      1   0.005  0.012 |     1794      789 |         44   (7s)
   0.8    1.0  1.0 |      110       45   1.9 |      1   0.006  0.010 |     1294      638 |         37   (7s)
   0.8    3.0  1.0 |       71       34   1.3 |      1   0.010  0.007 |      804      477 |         28   (7s)
   1.0    0.0  1.0 |      125       39   2.0 |      1   0.006  0.010 |     1474      505 |         35   (7s)
   1.0    0.3  1.0 |      110       44   1.9 |      1   0.007  0.010 |     1245      493 |         31   (7s)
   1.0    1.0  1.0 |       90       35   1.5 |      1   0.008  0.008 |      957      428 |         30   (7s)
   1.0    3.0  1.0 |       65       25   1.1 |      0   0.000  0.006 |      631      336 |         23   (7s)
   1.2    0.0  1.0 |       97       31   1.6 |      1   0.008  0.008 |      978      328 |         22   (7s)
   1.2    0.3  1.0 |       87       27   1.4 |      0   0.000  0.007 |      849      300 |         19   (7s)
   1.2    1.0  1.0 |       73       23   1.2 |      0   0.000  0.006 |      685      275 |         19   (7s)
   1.2    3.0  1.0 |       56       21   0.9 |      0   0.000  0.005 |      464      230 |         16   (7s)
   1.5    0.0  1.0 |       75       25   1.2 |      0   0.000  0.006 |      650      210 |         12   (7s)
   1.5    0.3  1.0 |       67       22   1.1 |      0   0.000  0.006 |      574      206 |         11   (7s)
   1.5    1.0  1.0 |       63       23   1.1 |      0   0.000  0.005 |      483      185 |         13   (7s)
   1.5    3.0  1.0 |       44       15   0.7 |      0   0.000  0.004 |      322      153 |          8   (7s)

reference: two INDEPENDENT sets covering fraction f each have jaccard f/(2-f): f=0.27 -> 0.157, f=0.10 -> 0.053, f=0.05 -> 0.026
wrote ../results/kc_sparsity3.json
