CS+ = ['ORN_DM6', 'ORN_DP1m', 'ORN_VM5d', 'ORN_DC2', 'ORN_DM5']
CS- = ['ORN_VA2', 'ORN_DP1l', 'ORN_VM7d', 'ORN_DA4m', 'ORN_VM1']
single-glomerulus probe: ORN_DM6

thresh    apl |  CS+ act  CS- act   %KC | shared jaccard |  CS+ spk  CS- spk | 1-glom act
   1.5    200 |     1151     1129  28.1 |    852   0.597 |    18727    18618 |        789   (11s)
   1.5    600 |     1151     1129  28.1 |    852   0.597 |    18727    18618 |        789   (11s)
   1.5   1500 |     1151     1129  28.1 |    852   0.597 |    18727    18618 |        789   (11s)
   2.0    200 |      572      566  14.0 |    375   0.491 |     6713     6881 |        334   (11s)
   2.0    600 |      572      566  14.0 |    375   0.491 |     6713     6881 |        334   (11s)
   2.0   1500 |      572      566  14.0 |    375   0.491 |     6713     6881 |        334   (11s)
   2.5    200 |      228      228   5.6 |    125   0.378 |     2068     2090 |        113   (12s)
   2.5    600 |      228      228   5.6 |    125   0.378 |     2068     2090 |        113   (12s)
   2.5   1500 |      228      228   5.6 |    125   0.378 |     2068     2090 |        113   (11s)
   3.0    200 |       55       64   1.5 |     27   0.293 |      388      503 |         25   (11s)
   3.0    600 |       55       64   1.5 |     27   0.293 |      388      503 |         25   (11s)
   3.0   1500 |       55       64   1.5 |     27   0.293 |      388      503 |         25   (11s)
   3.5    200 |        8       11   0.2 |      4   0.267 |       63       96 |          4   (11s)
   3.5    600 |        8       11   0.2 |      4   0.267 |       63       96 |          4   (11s)
   3.5   1500 |        8       11   0.2 |      4   0.267 |       63       96 |          4   (10s)

reference: two INDEPENDENT sets covering fraction f each have jaccard f/(2-f): f=0.27 -> 0.157, f=0.10 -> 0.053, f=0.05 -> 0.026
wrote ../results/kc_sparsity.json
