  both      DNs with |dS| > noise+0.5 spikes: 24/1310   mean |dS| over DNs 0.824   MBON |dS| 5.201   (135s)
  reversed  DNs with |dS| > noise+0.5 spikes: 60/1310   mean |dS| over DNs 1.241   MBON |dS| 5.299   (136s)

  corr(dS_both, dS_reversed):  MBONs -0.803   DNs -0.801
  DNs whose (CS+ - CS-) change reverses with the contingency (|z|>3, |diff|>1 spike): 17/1310
    DNd02        R  both   -6.00  reversed   +5.38  z  -10.5  naive S    +7.0
    DNbe007      L  both  -15.25  reversed  +11.75  z   -6.4  naive S    +6.9
    DNd02        L  both   -4.50  reversed   +5.12  z   -5.8  naive S    +8.4
    DNbe007      R  both  -16.50  reversed  +12.62  z   -5.4  naive S   +12.5
    DNge069      R  both   -7.50  reversed   +4.88  z   -5.2  naive S    +2.6
    DNge069      L  both   -7.12  reversed   +4.25  z   -4.4  naive S    +4.0
    DNge143      L  both   +3.12  reversed   -3.38  z   +3.5  naive S    -0.8
    DNg73        L  both   +0.00  reversed   -0.62  z   +3.4  naive S    +0.0
    DNp56        R  both   -2.12  reversed   +0.88  z   -3.4  naive S    -0.8
    DNp56        L  both   -2.38  reversed   +0.25  z   -3.2  naive S    -0.5
    DNge141      L  both   +1.50  reversed   -3.12  z   +3.1  naive S    -2.2
    DNae002      L  both   -1.12  reversed   +0.38  z   -3.1  naive S    -0.2
    DNp18        L  both   +1.62  reversed   -8.12  z   +3.1  naive S   +14.2
    DNge143      R  both   +2.88  reversed   -3.25  z   +3.1  naive S    -0.5
    DNg33        L  both  +79.88  reversed  -51.12  z   +3.1  naive S   +64.9
    DNg33        R  both  +80.25  reversed  -50.62  z   +3.1  naive S   +64.6
    DNge010      L  both   +2.62  reversed   -3.75  z   +3.0  naive S   +18.0
    DNp104       L  both   +2.38  reversed   -5.50  z   +3.0  naive S   +65.1
    DNae004      L  both   +2.12  reversed   -4.75  z   +2.9  naive S   +36.9
    DNge084      R  both   +0.75  reversed   -2.62  z   +2.9  naive S   +20.8
    DNg49        R  both   +2.62  reversed   -4.25  z   +2.8  naive S    -2.9
    DNg89        L  both   +3.75  reversed   -6.25  z   +2.8  naive S    +5.0
    DNae010      L  both   +3.75  reversed   -7.88  z   +2.8  naive S   +16.5
    DNb09        L  both   +4.62  reversed  -13.38  z   +2.8  naive S   +31.5
    DNae010      R  both   +3.00  reversed   -6.12  z   +2.8  naive S   +15.1

wrote ../results/learned_dn_mod.json
