  both      DNs with |dS| > noise+0.5 spikes: 158/1310   mean |dS| over DNs 1.530   MBON |dS| 5.954   (183s)
  reversed  DNs with |dS| > noise+0.5 spikes: 19/1310   mean |dS| over DNs 0.747   MBON |dS| 5.226   (180s)

  corr(dS_both, dS_reversed):  MBONs -0.792   DNs -0.617
  DNs whose (CS+ - CS-) change reverses with the contingency (|z|>3, |diff|>1 spike): 59/1310
    DNd02        L  both   -4.25  reversed   +5.00  z   -5.8  naive S    -8.4
    DNge069      L  both   -3.62  reversed   +7.62  z   -5.3  naive S    -4.0
    DNge069      R  both   -2.88  reversed   +6.12  z   -5.1  naive S    -2.6
    DNd02        R  both   -4.62  reversed   +6.00  z   -5.1  naive S    -7.0
    DNp56        L  both   -0.50  reversed   +2.25  z   -4.7  naive S    +0.5
    DNae005      R  both   +6.75  reversed   -2.62  z   +4.4  naive S    -1.4
    DNge038      R  both   +1.12  reversed   -0.50  z   +4.1  naive S    +0.5
    DNa13        L  both  +13.75  reversed   -1.75  z   +4.0  naive S    -1.6
    DNbe002      L  both   -9.38  reversed   +2.88  z   -3.9  naive S   +17.6
    DNbe007      L  both   -8.62  reversed  +15.00  z   -3.9  naive S    -6.9
    DNp56        R  both   -1.00  reversed   +1.62  z   -3.9  naive S    +0.8
    DNa13        R  both  +13.62  reversed   -6.62  z   +3.8  naive S    +0.9
    DNp48        L  both   +8.00  reversed   -2.00  z   +3.8  naive S    -2.8
    DNpe023      R  both  +30.00  reversed  -13.00  z   +3.8  naive S   -18.8
    DNbe007      R  both   -9.62  reversed  +13.50  z   -3.7  naive S   -12.5
    MDN          L  both  +24.12  reversed   -8.62  z   +3.7  naive S    -7.9
    DNge050      R  both  +16.25  reversed   -3.50  z   +3.7  naive S    +4.2
    DNg64        R  both  +24.62  reversed  -10.50  z   +3.7  naive S    +8.9
    MDN          L  both  +29.50  reversed  -13.00  z   +3.6  naive S    -7.2
    DNg64        L  both  +24.50  reversed   -9.00  z   +3.6  naive S    +6.6
    DNpe017      L  both  +16.38  reversed   -3.88  z   +3.5  naive S    +8.6
    DNpe017      R  both  +15.75  reversed   -4.38  z   +3.5  naive S    +7.2
    DNp45        R  both  +11.62  reversed   -4.12  z   +3.5  naive S    +7.4
    DNbe002      R  both   -7.50  reversed   +2.25  z   -3.5  naive S   +15.5
    DNa13        R  both   +9.50  reversed   -5.00  z   +3.5  naive S    -0.5

wrote ../results/learned_dn_mod_swap.json
