53 receptor types, 49 within [15, 120] receptors
excluded: [('ORN_DA1', 204), ('ORN_VA1d', 132), ('ORN_VA1v', 130), ('ORN_VM6l', 14)]

type        recs  KC spikes  active KCs
ORN_D         28       9306         664
ORN_DA2       48      11329         764
ORN_DA3       34       8765         633
ORN_DA4l      33       9940         708
ORN_DA4m      35       8347         607
ORN_DC1       32       9208         644
ORN_DC2       22       8343         608
ORN_DC3       35      10225         721
ORN_DC4       23       8885         656
ORN_DL1       83       8679         621
ORN_DL2d      15       9112         650
ORN_DL2v      23       8588         617
ORN_DL3      103       8950         647
ORN_DL4       62       9079         649
ORN_DL5       43       8848         628
ORN_DM1       74       9887         670
ORN_DM2       54      10431         695
ORN_DM3       63      11173         758
ORN_DM4       32      10128         680
ORN_DM5       35       9091         669
ORN_DM6       58      11281         789
ORN_DP1l      33       8158         584
ORN_DP1m      31       7695         564
ORN_V         55       9532         668
ORN_VA2       83      11194         760
ORN_VA3       30       9175         657
ORN_VA4       34      10195         706
ORN_VA5       16       9256         665
ORN_VA6       63       8379         616
ORN_VA7l      29       9585         672
ORN_VA7m      24       9393         662
ORN_VC1       29       9569         664
ORN_VC2       32       8834         630
ORN_VC3       34       9406         666
ORN_VC4       38       9425         663
ORN_VC5       31       8949         642
ORN_VL1       82       8623         631
ORN_VL2a      98       9698         683
ORN_VL2p      45       9900         702
ORN_VM1       33       8687         629
ORN_VM2       41       9675         698
ORN_VM3       43      10901         733
ORN_VM4       78       9826         701
ORN_VM5d      84       8886         655
ORN_VM5v      34       8825         641
ORN_VM6m      25       8952         636
ORN_VM6v      34      10156         690
ORN_VM7d      36       9062         657
ORN_VM7v      25       9416         681

footprints in 143s

CS+ = ['ORN_DM6', 'ORN_DP1m', 'ORN_VM5d', 'ORN_DC2', 'ORN_DM5']
CS- = ['ORN_VA2', 'ORN_DP1l', 'ORN_VM7d', 'ORN_DA4m', 'ORN_VM1']
predicted: 928 vs 874 active KCs, 672 shared, jaccard 0.595, drive 45296 vs 45448 (ratio 1.00)
measured:  1151 vs 1129 active KCs, 852 shared, jaccard 0.597, spikes 18727 vs 18618 (ratio 1.01)
KC sparsity: 28.3% / 27.8% of 4064 (biological target ~5%)

wrote ../results/odours.json
