Looking in indexes: https://download.pytorch.org/whl/cu118
Requirement already satisfied: torch in c:\users\shwif\appdata\local\packages\pythonsoftwarefoundation.python.3.9_qbz5n2kfra8p0\localcache\local-packages\python39\site-packages (2.0.1)
Collecting torch
  Downloading https://download-r2.pytorch.org/whl/cu118/torch-2.7.1%2Bcu118-cp39-cp39-win_amd64.whl.metadata (27 kB)
Requirement already satisfied: filelock in c:\users\shwif\appdata\local\packages\pythonsoftwarefoundation.python.3.9_qbz5n2kfra8p0\localcache\local-packages\python39\site-packages (from torch) (3.12.2)
Requirement already satisfied: typing-extensions>=4.10.0 in c:\users\shwif\appdata\local\packages\pythonsoftwarefoundation.python.3.9_qbz5n2kfra8p0\localcache\local-packages\python39\site-packages (from torch) (4.12.2)
Collecting sympy>=1.13.3 (from torch)
  Downloading sympy-1.14.0-py3-none-any.whl.metadata (12 kB)
Requirement already satisfied: networkx in c:\users\shwif\appdata\local\packages\pythonsoftwarefoundation.python.3.9_qbz5n2kfra8p0\localcache\local-packages\python39\site-packages (from torch) (3.1)
Requirement already satisfied: jinja2 in c:\users\shwif\appdata\local\packages\pythonsoftwarefoundation.python.3.9_qbz5n2kfra8p0\localcache\local-packages\python39\site-packages (from torch) (3.1.3)
Requirement already satisfied: fsspec in c:\users\shwif\appdata\local\packages\pythonsoftwarefoundation.python.3.9_qbz5n2kfra8p0\localcache\local-packages\python39\site-packages (from torch) (2023.6.0)
Requirement already satisfied: mpmath<1.4,>=1.1.0 in c:\users\shwif\appdata\local\packages\pythonsoftwarefoundation.python.3.9_qbz5n2kfra8p0\localcache\local-packages\python39\site-packages (from sympy>=1.13.3->torch) (1.3.0)
Requirement already satisfied: MarkupSafe>=2.0 in c:\users\shwif\appdata\local\packages\pythonsoftwarefoundation.python.3.9_qbz5n2kfra8p0\localcache\local-packages\python39\site-packages (from jinja2->torch) (2.1.1)
Downloading https://download-r2.pytorch.org/whl/cu118/torch-2.7.1%2Bcu118-cp39-cp39-win_amd64.whl (2817.1 MB)
   ---------------------------------------- 2.8/2.8 GB ? eta 0:00:00
WARNING: Retrying (Retry(total=4, connect=None, read=None, redirect=None, status=None)) after connection broken by 'ProtocolError('Connection aborted.', ConnectionResetError(10054, 'An existing connection was forcibly closed by the remote host', None, 10054, None))': /packages/a2/09/77d55d46fd61b4a135c444fc97158ef34a095e5681d0a6c10b75bf356191/sympy-1.14.0-py3-none-any.whl
Downloading sympy-1.14.0-py3-none-any.whl (6.3 MB)
   ---------------------------------------- 6.3/6.3 MB 4.0 MB/s eta 0:00:00
Installing collected packages: sympy, torch
  Attempting uninstall: sympy
    Found existing installation: sympy 1.12
    Uninstalling sympy-1.12:
      Successfully uninstalled sympy-1.12
  WARNING: The script isympy.exe is installed in 'C:\Users\Shwif\AppData\Local\Packages\PythonSoftwareFoundation.Python.3.9_qbz5n2kfra8p0\LocalCache\local-packages\Python39\Scripts' which is not on PATH.
  Consider adding this directory to PATH or, if you prefer to suppress this warning, use --no-warn-script-location.
  Attempting uninstall: torch
    Found existing installation: torch 2.0.1
    Uninstalling torch-2.0.1:
      Successfully uninstalled torch-2.0.1
  WARNING: The scripts torchfrtrace.exe and torchrun.exe are installed in 'C:\Users\Shwif\AppData\Local\Packages\PythonSoftwareFoundation.Python.3.9_qbz5n2kfra8p0\LocalCache\local-packages\Python39\Scripts' which is not on PATH.
  Consider adding this directory to PATH or, if you prefer to suppress this warning, use --no-warn-script-location.
Successfully installed sympy-1.14.0 torch-2.7.1+cu118

[notice] A new release of pip is available: 24.3.1 -> 26.0.1
[notice] To update, run: C:\Users\Shwif\AppData\Local\Microsoft\WindowsApps\PythonSoftwareFoundation.Python.3.9_qbz5n2kfra8p0\python.exe -m pip install --upgrade pip
torch 2.7.1+cu118 cuda True NVIDIA GeForce GTX 1650 with Max-Q Design
